     1                                  
     2                                  ; haribote-os boot asm
     3                                  ; TAB=4
     4                                  
     5                                  BOTPAK	EQU		0x00280000		; bootpack????[?h??
     6                                  DSKCAC	EQU		0x00100000		; ?f?B?X?N?L???b?V?????
     7                                  DSKCAC0	EQU		0x00008000		; ?f?B?X?N?L???b?V??????i???A?????[?h?j
     8                                  
     9                                  ; BOOT_INFO??W
    10                                  CYLS	EQU		0x0ff0			; ?u?[?g?Z?N?^???????
    11                                  LEDS	EQU		0x0ff1
    12                                  VMODE	EQU		0x0ff2			; ?F??????????B???r?b?g?J???[???H
    13                                  SCRNX	EQU		0x0ff4			; ??x??X
    14                                  SCRNY	EQU		0x0ff6			; ??x??Y
    15                                  VRAM	EQU		0x0ff8			; ?O???t?B?b?N?o?b?t?@??J?n??n
    16                                  
    17                                  		ORG		0xc200			; ????v???O????????????????????
    18                                  
    19                                  ; ?????[?h????
    20                                  
    21 00000000 B013                    		MOV		AL,0x13			; VGA?O???t?B?b?N?X?A320x200x8bit?J???[
    22 00000002 B400                    		MOV		AH,0x00
    23 00000004 CD10                    		INT		0x10
    24 00000006 C606F20F08              		MOV		BYTE [VMODE],8	; ?????[?h??????????iC?????Q?????j
    25 0000000B C706F40F4001            		MOV		WORD [SCRNX],320
    26 00000011 C706F60FC800            		MOV		WORD [SCRNY],200
    27 00000017 66C706F80F00000A00      		MOV		DWORD [VRAM],0x000a0000
    28                                  
    29                                  ; ?L?[?{?[?h??LED????BIOS??????????
    30                                  
    31 00000020 B402                    		MOV		AH,0x02
    32 00000022 CD16                    		INT		0x16 			; keyboard BIOS
    33 00000024 A2F10F                  		MOV		[LEDS],AL
    34                                  
    35                                  ; PIC??????????????t????????????
    36                                  ;	AT????@??d?l???APIC???????????????A
    37                                  ;	???????CLI?O??????????????A?????n???O?A?b?v????
    38                                  ;	PIC???????????????
    39                                  
    40 00000027 B0FF                    		MOV		AL,0xff
    41 00000029 E621                    		OUT		0x21,AL
    42 0000002B 90                      		NOP						; OUT?????A?????????????????????@????????????
    43 0000002C E6A1                    		OUT		0xa1,AL
    44                                  
    45 0000002E FA                      		CLI						; ?????CPU???x????????????~
    46                                  
    47                                  ; CPU????1MB???????????A?N?Z?X????????AA20GATE????
    48                                  
    49 0000002F E8B500                  		CALL	waitkbdout
    50 00000032 B0D1                    		MOV		AL,0xd1
    51 00000034 E664                    		OUT		0x64,AL
    52 00000036 E8AE00                  		CALL	waitkbdout
    53 00000039 B0DF                    		MOV		AL,0xdf			; enable A20
    54 0000003B E660                    		OUT		0x60,AL
    55 0000003D E8A700                  		CALL	waitkbdout
    56                                  
    57                                  ; ?v???e?N?g???[?h??s
    58                                  
    59 00000040 0F0116[2A01]            		LGDT	[GDTR0]			; ?b??GDT????
    60 00000045 0F20C0                  		MOV		EAX,CR0
    61 00000048 6625FFFFFF7F            		AND		EAX,0x7fffffff	; bit31??0?????i?y?[?W???O??~?????j
    62 0000004E 6683C801                		OR		EAX,0x00000001	; bit0??1?????i?v???e?N?g???[?h??s?????j
    63 00000052 0F22C0                  		MOV		CR0,EAX
    64 00000055 EB00                    		JMP		pipelineflush
    65                                  pipelineflush:
    66 00000057 B80800                  		MOV		AX,1*8			;  ????????\?Z?O?????g32bit
    67 0000005A 8ED8                    		MOV		DS,AX
    68 0000005C 8EC0                    		MOV		ES,AX
    69 0000005E 8EE0                    		MOV		FS,AX
    70 00000060 8EE8                    		MOV		GS,AX
    71 00000062 8ED0                    		MOV		SS,AX
    72                                  
    73                                  ; bootpack??]??
    74                                  
    75 00000064 66BE[30010000]          		MOV		ESI,bootpack	; ?]????
    76 0000006A 66BF00002800            		MOV		EDI,BOTPAK		; ?]????
    77 00000070 66B900000200            		MOV		ECX,512*1024/4
    78 00000076 E87500                  		CALL	memcpy
    79                                  
    80                                  ; ??????f?B?X?N?f?[?^???{?????u??]??
    81                                  
    82                                  ; ?????u?[?g?Z?N?^????
    83                                  
    84 00000079 66BE007C0000            		MOV		ESI,0x7c00		; ?]????
    85 0000007F 66BF00001000            		MOV		EDI,DSKCAC		; ?]????
    86 00000085 66B980000000            		MOV		ECX,512/4
    87 0000008B E86000                  		CALL	memcpy
    88                                  
    89                                  ; ?c??S??
    90                                  
    91 0000008E 66BE00820000            		MOV		ESI,DSKCAC0+512	; ?]????
    92 00000094 66BF00021000            		MOV		EDI,DSKCAC+512	; ?]????
    93 0000009A 66B900000000            		MOV		ECX,0
    94 000000A0 8A0EF00F                		MOV		CL,BYTE [CYLS]
    95 000000A4 6669C900120000          		IMUL	ECX,512*18*2/4	; ?V?????_??????o?C?g??/4????
    96 000000AB 6681E980000000          		SUB		ECX,512/4		; IPL???????????????
    97 000000B2 E83900                  		CALL	memcpy
    98                                  
    99                                  ; asmhead????????????????????S?????I????????A
   100                                  ;	?????bootpack??C????
   101                                  
   102                                  ; bootpack??N??
   103                                  
   104 000000B5 66BB00002800            		MOV		EBX,BOTPAK
   105 000000BB 66678B4B10              		MOV		ECX,[EBX+16]
   106 000000C0 6683C103                		ADD		ECX,3			; ECX += 3;
   107 000000C4 66C1E902                		SHR		ECX,2			; ECX /= 4;
   108 000000C8 7410                    		JZ		skip			; ?]????????????????
   109 000000CA 66678B7314              		MOV		ESI,[EBX+20]	; ?]????
   110 000000CF 6601DE                  		ADD		ESI,EBX
   111 000000D2 66678B7B0C              		MOV		EDI,[EBX+12]	; ?]????
   112 000000D7 E81400                  		CALL	memcpy
   113                                  skip:
   114 000000DA 66678B630C              		MOV		ESP,[EBX+12]	; ?X?^?b?N?????l
   115 000000DF 66EA1B0000001000        		JMP		DWORD 2*8:0x0000001b
   116                                  
   117                                  waitkbdout:
   118 000000E7 E464                    		IN		 AL,0x64
   119 000000E9 2402                    		AND		 AL,0x02
   120 000000EB 75FA                    		JNZ		waitkbdout		; AND??????0???????waitkbdout??
   121 000000ED C3                      		RET
   122                                  
   123                                  memcpy:
   124 000000EE 66678B06                		MOV		EAX,[ESI]
   125 000000F2 6683C604                		ADD		ESI,4
   126 000000F6 66678907                		MOV		[EDI],EAX
   127 000000FA 6683C704                		ADD		EDI,4
   128 000000FE 6683E901                		SUB		ECX,1
   129 00000102 75EA                    		JNZ		memcpy			; ?????Z?????????0???????memcpy??
   130 00000104 C3                      		RET
   131                                  ; memcpy??A?h???X?T?C?Y?v???t?B?N?X?????Y???????A?X?g?????O????????????
   132                                  
   133 00000105 <res 0000000B>          		ALIGNB	16
   133          ******************       warning: uninitialized space declared in .text section: zeroing
   134                                  GDT0:
   135 00000110 00<rept>                		times 8 db 0 			; ?k???Z???N?^
   136 00000118 FFFF00000092CF00        		DW		0xffff,0x0000,0x9200,0x00cf	; ????????\?Z?O?????g32bit
   137 00000120 FFFF0000289A4700        		DW		0xffff,0x0000,0x9a28,0x0047	; ???s??\?Z?O?????g32bit?ibootpack?p?j
   138                                  
   139 00000128 0000                    		DW		0
   140                                  GDTR0:
   141 0000012A 1700                    		DW		8*3-1
   142 0000012C [10010000]              		DD		GDT0
   143                                  
   144                                  		ALIGNB	16
   145                                  bootpack:
